app/api/chat/route.ts(25,9): error TS2353: Object literal may only specify known properties, and 'maxSteps' does not exist in type 'CallSettings & (Prompt & { model: LanguageModel; tools?: { createWorkout: Tool<any, any>; getActivities: Tool<any, any>; getHealthMetrics: Tool<...>; getSleepStats: Tool<...>; } | undefined; ... 18 more ...; _internal?: { ...; } | undefined; })'.
app/api/chat/route.ts(50,17): error TS2769: No overload matches this call.
  The last overload gave the following error.
    Type '(args: any) => Promise<string>' is not assignable to type 'undefined'.
app/api/chat/route.ts(50,33): error TS7006: Parameter 'args' implicitly has an 'any' type.
app/api/chat/route.ts(70,17): error TS2769: No overload matches this call.
  The last overload gave the following error.
    Type '(args: any) => Promise<string>' is not assignable to type 'undefined'.
app/api/chat/route.ts(70,33): error TS7006: Parameter 'args' implicitly has an 'any' type.
app/api/chat/route.ts(82,17): error TS2769: No overload matches this call.
  The last overload gave the following error.
    Type '(args: any) => Promise<string>' is not assignable to type 'undefined'.
app/api/chat/route.ts(82,33): error TS7006: Parameter 'args' implicitly has an 'any' type.
app/api/chat/route.ts(95,17): error TS2769: No overload matches this call.
  The last overload gave the following error.
    Type '(args: any) => Promise<string>' is not assignable to type 'undefined'.
app/api/chat/route.ts(95,33): error TS7006: Parameter 'args' implicitly has an 'any' type.
components/features/coach/CoachChat.tsx(12,9): error TS2339: Property 'input' does not exist on type 'UseChatHelpers<UIMessage<unknown, UIDataTypes, UITools>>'.
components/features/coach/CoachChat.tsx(13,9): error TS2339: Property 'handleInputChange' does not exist on type 'UseChatHelpers<UIMessage<unknown, UIDataTypes, UITools>>'.
components/features/coach/CoachChat.tsx(14,9): error TS2339: Property 'handleSubmit' does not exist on type 'UseChatHelpers<UIMessage<unknown, UIDataTypes, UITools>>'.
components/features/coach/CoachChat.tsx(15,9): error TS2339: Property 'isLoading' does not exist on type 'UseChatHelpers<UIMessage<unknown, UIDataTypes, UITools>>'.
components/features/coach/CoachChat.tsx(17,9): error TS2339: Property 'append' does not exist on type 'UseChatHelpers<UIMessage<unknown, UIDataTypes, UITools>>'.
components/features/coach/CoachChat.tsx(19,9): error TS2353: Object literal may only specify known properties, and 'api' does not exist in type 'UseChatOptions<UIMessage<unknown, UIDataTypes, UITools>>'.
components/features/coach/CoachChat.tsx(80,71): error TS2339: Property 'content' does not exist on type 'UIMessage<unknown, UIDataTypes, UITools>'.
components/features/garmin/GamificationCard.tsx(59,51): error TS2339: Property 'status' does not exist on type '{ goalId: string; name: string; type: string; targetValue?: number | undefined; currentValue?: number | undefined; endDate?: string | undefined; }'.
